// Jest Snapshot v1, https://goo.gl/fbAQLP

exports[`<Main /> Should render the heading 1`] = `
.c0 {
  min-height: 100vh;
  background-color: #06092b;
  padding: 3rem;
  display: -webkit-box;
  display: -webkit-flex;
  display: -ms-flexbox;
  display: flex;
  -webkit-flex-direction: column;
  -ms-flex-direction: column;
  flex-direction: column;
  -webkit-align-items: center;
  -webkit-box-align: center;
  -ms-flex-align: center;
  align-items: center;
  -webkit-box-pack: center;
  -webkit-justify-content: center;
  -ms-flex-pack: center;
  justify-content: center;
  text-align: center;
  color: #fff;
}

.c1 {
  max-width: 25rem;
  margin-bottom: 2rem;
}

.c2 {
  font-size: 2.5rem;
}

.c3 {
  font-size: 2rem;
  font-weight: 400;
}

.c4 {
  margin-top: 3rem;
  width: min(30rem,100%);
}

<main
  class="c0"
>
  <img
    alt="Logo do react e React Avançado escrito ao lado"
    class="c1"
    src="/images/logo.svg"
  />
  <h1
    class="c2"
  >
    React Avançado
  </h1>
  <h3
    class="c3"
  >
    Typescript, ReactJS, NextJS e Styled Components
  </h3>
  <img
    alt="Desenvolvedor utilizando um computador"
    class="c4"
    src="/images/hero-illustration.svg"
  />
</main>
`;
